[Licensing::Module] Trying to connect to existing licensing client channel...
Built from '6000.5/staging' branch; Version is '6000.5.5f1 (d16e074b49fd) revision 13725191'; Using compiler version '194234433'; Build Type 'Release'
[Licensing::IpcConnector] Channel LicenseClient-Дмитрий doesn't exist
OS: 'Windows 11  (10.0.26200) Professional' Language: 'ru' Physical Memory: 32625 MB
BatchMode: 1, IsHumanControllingUs: 0, StartBugReporterOnCrash: 0, Is64bit: 1
System  architecture: x64
Process architecture: x64
Date: 2026-10-09T13:12:32Z
[Licensing::Module] Successfully launched the LicensingClient (PId: 35156)

COMMAND LINE ARGUMENTS:
E:\Unity\Unity_6.5\6000.5.5f1\Editor\Unity.exe
-batchmode
-projectPath
E:/Games_Develop/Little-Castle
-executeMethod
LittleCastle.Editor.ConceptWorldVisualPass.Capture
-logFile
E:/Games_Develop/verification/concept-pass-release-visual.log
Successfully changed project path to: E:/Games_Develop/Little-Castle
E:/Games_Develop/Little-Castle
[UnityMemory] Configuration Parameters - Can be set up in boot.config
    "memorysetup-temp-allocator-size-gi-baking-worker=262144"
    "memorysetup-temp-allocator-size-gi-baking-worker=262144"
    "memorysetup-temp-allocator-size-gi-baking-worker=262144"
    "memorysetup-temp-allocator-size-gi-baking-worker=262144"
    "memorysetup-temp-allocator-size-gi-baking-worker=262144"
    "memorysetup-temp-allocator-size-nav-mesh-worker=65536"
    "memorysetup-temp-allocator-size-audio-worker=65536"
    "memorysetup-temp-allocator-size-cloud-worker=32768"
    "memorysetup-temp-allocator-size-gfx=262144"
    "memorysetup-temp-allocator-size-preload-manager=33554432"
    "memorysetup-allocator-temp-initial-block-size-main=262144"
    "memorysetup-allocator-temp-initial-block-size-worker=262144"
    "memorysetup-temp-allocator-size-job-worker=262144"
    "memorysetup-temp-allocator-size-background-worker=32768"
    "memorysetup-bucket-allocator-granularity=16"
    "memorysetup-bucket-allocator-bucket-count=8"
    "memorysetup-bucket-allocator-block-size=33554432"
    "memorysetup-bucket-allocator-block-count=8"
    "memorysetup-main-allocator-block-size=16777216"
    "memorysetup-thread-allocator-block-size=16777216"
    "memorysetup-main-allocator-mimalloc-enabled=0"
    "memorysetup-gfx-main-allocator-block-size=16777216"
    "memorysetup-gfx-thread-allocator-block-size=16777216"
    "memorysetup-cache-allocator-block-size=4194304"
    "memorysetup-typetree-allocator-block-size=2097152"
    "memorysetup-profiler-bucket-allocator-granularity=16"
    "memorysetup-profiler-bucket-allocator-bucket-count=8"
    "memorysetup-profiler-bucket-allocator-block-size=33554432"
    "memorysetup-profiler-bucket-allocator-block-count=8"
    "memorysetup-profiler-allocator-block-size=16777216"
    "memorysetup-profiler-editor-allocator-block-size=1048576"
    "memorysetup-temp-allocator-size-main=16777216"
    "memorysetup-job-temp-allocator-block-size=2097152"
    "memorysetup-job-temp-allocator-block-size-background=1048576"
    "memorysetup-job-temp-allocator-reduction-small-platforms=262144"
Logging is directed to a specific file, skipping project log.Player connection [35668]  Target information:

Player connection [35668]  * "[IP] 192.168.10.139 [Port] 55504 [Flags] 2 [Guid] 1534151590 [EditorId] 1534151590 [Version] 1048832 [Id] WindowsEditor(7,DESKTOP-U3MAU12) [Debug] 1 [PackageName] WindowsEditor [ProjectName] Editor" 

Player connection [35668]  * "[IP] 10.6.7.1 [Port] 55504 [Flags] 2 [Guid] 1534151590 [EditorId] 1534151590 [Version] 1048832 [Id] WindowsEditor(7,DESKTOP-U3MAU12) [Debug] 1 [PackageName] WindowsEditor [ProjectName] Editor" 

Player connection [35668] Host joined multi-casting on [225.0.0.222:54997]...
Player connection [35668] Host joined alternative multi-casting on [225.0.0.222:34997]...
Input System module state changed to: Initialized.
[Physics::Module] Initialized fallback backend.
[Physics::Module] Id: 0xdecafbad
[Licensing::IpcConnector] Successfully connected to: "LicenseClient-Дмитрий" at "2026-10-09T13:12:32.4028024Z"
[Licensing::Client] Code 10 while verifying Licensing Client signature (process Id: 35156, path: "E:/Unity/Unity_6.5/6000.5.5f1/Editor/Data/Resources/Licensing/Client/Unity.Licensing.Client.exe")
[Licensing::Module] LicensingClient has failed validation; ignoring
[Package Manager] Connected to IPC stream "Upm-29412" after 0.2 seconds.
[Licensing::Module] Licensing is not yet initialized.
[Licensing::Client] Handshaking with LicensingClient:
  Version:                 1.18.1+9fbee8e
  Session Id:              9ccb589287fc4db8bb53522ea81b80db
  Correlation Id:          a89d0e81c2955642b0100cac5b3c6550
  External correlation Id: 1363593220829389899
  Machine Id:              ukWjmUigJ6C168X6HXqjbBw2IT4=
[Licensing::Module] Successfully connected to LicensingClient on channel: "LicenseClient-Дмитрий" (connect: 0.25s, validation: 0.14s, handshake: 0.05s)
[Licensing::IpcConnector] Successfully connected to: "LicenseClient-Дмитрий-notifications" at "2026-10-09T13:12:32.6010291Z"
[Licensing::Module] Connected to LicensingClient (PId: 35156, launch time: 0.01, total connection time: 0.44s)
[Licensing::Module] Error: Access token is unavailable; failed to update
[Licensing::Client] Successfully resolved entitlement details
[Licensing::Module] License group:
  Id: 10171631734416-UnityPersXXXX
  Product: Unity Personal
  Type: Assigned
  Expiration: Unlimited
[Licensing::Client] Successfully updated license, isAsync: True, time: 0.01
[Licensing::Client] Successfully resolved entitlement details
[Licensing::Module] Licensing Background thread has ended after 0.48s
[Licensing::Module] Licensing is initialized (took 0.04s).
[Licensing::Client] Successfully resolved entitlement details
Library Redirect Path: Library/
[Physics::Module] Selected backend.
[Physics::Module] Name: PhysX
[Physics::Module] Id: 0xf2b8ea05
[Physics::Module] SDK Version: 4.1.2
[Physics::Module] Integration Version: 1.0.0
[Physics::Module] Threading Mode: Multi-Threaded
Initialize engine version: 6000.5.5f1 (d16e074b49fd)
[Subsystems] Discovering subsystems at path E:/Unity/Unity_6.5/6000.5.5f1/Editor/Data/Resources/UnitySubsystems
[Subsystems] Discovering subsystems at path E:/Games_Develop/Little-Castle/Assets
GfxDevice: creating device client; kGfxThreadingModeNonThreaded
d3d12: failed to query info queue interface (0x80004002).
Direct3D:
    Version:         Direct3D 12 [level 12.2]
    Renderer:        NVIDIA GeForce RTX 4070 Ti SUPER (ID=0x2705)
    Vendor:          NVIDIA
    VRAM:            16061 MB
    App VRAM Budget: 15293 MB
    Driver:          32.0.16.1088
Initialize mono
Mono path[0] = 'E:/Unity/Unity_6.5/6000.5.5f1/Editor/Data/Managed'
Mono path[1] = 'E:/Unity/Unity_6.5/6000.5.5f1/Editor/Data/BCLExtensions/runtime/netstandard2.1'
Mono path[2] = 'E:/Unity/Unity_6.5/6000.5.5f1/Editor/Data/MonoBleedingEdge/lib/mono/unityjit-win32'
Mono config path = 'E:/Unity/Unity_6.5/6000.5.5f1/Editor/Data/MonoBleedingEdge/etc'
Using monoOptions --debugger-agent=transport=dt_socket,embedding=1,server=y,suspend=n,address=127.0.0.1:56412
CodeReloadManager initialized
ImportWorker Server TCP listen port: 0
AcceleratorClientConnectionCallback - disconnected - :0
Begin MonoManager ReloadAssembly
Registering precompiled unity dll's ...
Register platform support module: E:/Unity/Unity_6.5/6000.5.5f1/Editor/Data/PlaybackEngines/WebGLSupport/UnityEditor.WebGL.Extensions.dll
Register platform support module: E:/Unity/Unity_6.5/6000.5.5f1/Editor/Data/PlaybackEngines/WindowsStandaloneSupport/UnityEditor.WindowsStandalone.Extensions.dll
Registered in 0.001388 seconds.
Native extension for WindowsStandalone target not found
Native extension for WebGL target not found
Package Manager log level set to [2]
ScheduleIndexationOnStartup MainProcess:False IndexOnStartup:True
Mono: successfully reloaded assembly
- Finished resetting the current domain, in  0.329 seconds
Domain Reload Profiling: 775ms
	BeginReloadAssembly (121ms)
		CreateAndSetChildDomain (3ms)
	RebuildCommonClasses (4ms)
	RebuildNativeTypeToScriptingClass (14ms)
	initialDomainReloadingComplete (55ms)
	LoadAllAssembliesAndSetupDomain (249ms)
		LoadAssemblies (118ms)
		AnalyzeDomain (183ms)
			TypeCache.Refresh (182ms)
				TypeCache.ScanAssembly (169ms)
	FinalizeReload (331ms)
		SetupLoadedEditorAssemblies (0ms)
			InitializePlatformSupportModulesInManaged (3ms)
			BeforeProcessingInitializeOnLoad (81ms)
			ProcessInitializeOnLoadAttributes (82ms)
			ProcessInitializeOnLoadMethodAttributes (100ms)
[Licensing::Client] Successfully resolved entitlement details
Application.AssetDatabase Initial Refresh Start
[Package Manager] Restoring resolved packages state from cache
[Licensing::Client] Successfully resolved entitlement details
[Package Manager] Registered 6 packages:
  Built-in packages:
    com.unity.modules.imageconversion@1.0.0 (location: E:\Games_Develop\Little-Castle\Library\PackageCache\com.unity.modules.imageconversion)
    com.unity.test-framework@1.7.0 (location: E:\Games_Develop\Little-Castle\Library\PackageCache\com.unity.test-framework@1405238725ab)
    com.unity.modules.physics@1.0.0 (location: E:\Games_Develop\Little-Castle\Library\PackageCache\com.unity.modules.physics)
    com.unity.ext.nunit@2.1.0 (location: E:\Games_Develop\Little-Castle\Library\PackageCache\com.unity.ext.nunit@44f7d31723bd)
    com.unity.modules.imgui@1.0.0 (location: E:\Games_Develop\Little-Castle\Library\PackageCache\com.unity.modules.imgui)
    com.unity.modules.jsonserialize@1.0.0 (location: E:\Games_Develop\Little-Castle\Library\PackageCache\com.unity.modules.jsonserialize)
[Subsystems] No new subsystems found in resolved package list.
[Package Manager] Done registering packages in 0.00 seconds
Starting: E:\Unity\Unity_6.5\6000.5.5f1\Editor\Data\Tools\BuildPipeline\bee_backend.exe --ipc --defer-dag-verification --dagfile="Library/Bee/1900b0aE.dag" --continue-on-failure --profile="Library/Bee/backend1.traceevents" ScriptAssemblies
WorkingDir: E:/Games_Develop/Little-Castle
DisplayProgressbar: Compiling Scripts
ExitCode: 0 Duration: 0s84ms
*** Tundra build success (0.04 seconds), 0 items updated, 210 evaluated
AssetDatabase: script compilation time: 0.434634s
Begin MonoManager ReloadAssembly
Total cache size 34339412
Total cache size after purge 34339412, took 00:00:00.0671066
Native extension for WindowsStandalone target not found
Native extension for WebGL target not found
ScheduleIndexationOnStartup MainProcess:True IndexOnStartup:True
Mono: successfully reloaded assembly
- Finished resetting the current domain, in  0.341 seconds
Domain Reload Profiling: 741ms
	BeginReloadAssembly (199ms)
		DisableScriptedObjects (23ms)
		CreateAndSetChildDomain (32ms)
	RebuildCommonClasses (7ms)
	RebuildNativeTypeToScriptingClass (13ms)
	initialDomainReloadingComplete (33ms)
	LoadAllAssembliesAndSetupDomain (146ms)
		LoadAssemblies (166ms)
		AnalyzeDomain (17ms)
			TypeCache.Refresh (11ms)
				TypeCache.ScanAssembly (7ms)
			BuildScriptInfoCaches (5ms)
	FinalizeReload (344ms)
		SetupLoadedEditorAssemblies (0ms)
			BeforeProcessingInitializeOnLoad (77ms)
			ProcessInitializeOnLoadAttributes (62ms)
			ProcessInitializeOnLoadMethodAttributes (61ms)
		AwakeInstancesAfterBackupRestoration (20ms)
Starting new worker id: 0 with log in E:/Games_Develop/Little-Castle/Logs/AssetImportWorkerHW0.log

Asset Pipeline Refresh (id=145f13cf486616d4896caff78c282097): Total: 1.365 seconds - Initiated by InitialRefreshV2(ForceSynchronousImport)
	(Values over 0.05ms)
	Summary:
		Imports: total=0 (actual=0, local cache=0, cache server=0)
		Asset DB Process Time: managed=0 ms, native=481 ms
		Asset DB Callback time: managed=16 ms, native=5 ms
		Scripting: domain reloads=1, domain reload time=418 ms, compile time=437 ms, other=5 ms
		Project Asset Count: scripts=246, non-scripts=1379
		Asset File Changes: new=0, changed=0, moved=0, deleted=0
		Scan Filter Count: 0
	InvokePackagesCallback: 6.915ms
	ApplyChangesToAssetFolders: 0.258ms
	Scan: 58.437ms
	Collect global state as custom dependencies: 0.497ms
	CategorizeScriptCompilationAssets: 2.366ms
	ProcessAssetsWithTransientArtifactChanges: 6.014ms
	CategorizeAssets: 8.270ms
	CompileScripts: 437.455ms
	ImportOutOfDateAssets: 366.477ms (346.167ms without children)
		UnloadImportedAssets: 0.080ms
		EnsureUptoDateAssetsAreRegisteredWithGuidPM: 0.143ms
		ImportSchedulerStart: 20.083ms
	PostProcessAllAssets: 16.568ms
		MonoPostProcessAllAssets: 16.520ms
			WindowAssetPostprocessingWatcher.OnPostprocessAllAssets 6.104ms
			SyncVS.PostprocessSyncProject 1.668ms
			EditModeScopePostprocessor.OnPostprocessAllAssets 0.831ms
			SpeedTree9Postprocessor.OnPostprocessAllAssets 0.644ms
			ReferencedClipsPostProcessor.OnPostprocessAllAssets 0.218ms
			TerrainToolbarOverlayPostProcessor.OnPostprocessAllAssets 0.190ms
			AssetDatabaseCallbacks.OnPostprocessAllAssets 0.166ms
			RenderPipelineGlobalSettingsPostprocessor.OnPostprocessAllAssets 0.068ms
	UnloadStreamsBegin: 1.316ms
	GenerateScriptTypeHashes: 0.095ms
	GenerateScriptTypeSerializationHashes: 0.097ms
	Untracked: 456.935ms

Application.AssetDatabase Initial Refresh End
Launched and connected shader compiler UnityShaderCompiler.exe after 0.01 seconds
Scanning for USB devices : 2.874ms
Initializing Unity extensions:
[MODES] ModeService[none].Initialize
[MODES] ModeService[none].LoadModes
[MODES] Loading mode Default (0) for mode-current-id-Little-Castle
GetVirtualKey: Could not map char: z (122) to any virtual key
GetVirtualKey: Could not map char: y (121) to any virtual key
GetVirtualKey: Could not map char: x (120) to any virtual key
GetVirtualKey: Could not map char: c (99) to any virtual key
GetVirtualKey: Could not map char: v (118) to any virtual key
GetVirtualKey: Could not map char: V (86) to any virtual key
GetVirtualKey: Could not map char: d (100) to any virtual key
GetVirtualKey: Could not map char: f (102) to any virtual key
GetVirtualKey: Could not map char: f (102) to any virtual key
GetVirtualKey: Could not map char: a (97) to any virtual key
GetVirtualKey: Could not map char: d (100) to any virtual key
GetVirtualKey: Could not map char: c (99) to any virtual key
GetVirtualKey: Could not map char: r (114) to any virtual key
GetVirtualKey: Could not map char: i (105) to any virtual key
GetVirtualKey: Could not map char: l (108) to any virtual key
GetVirtualKey: Could not map char: f (102) to any virtual key
GetVirtualKey: Could not map char: k (107) to any virtual key
GetVirtualKey: Could not map char: p (112) to any virtual key
GetVirtualKey: Could not map char: p (112) to any virtual key
GetVirtualKey: Could not map char: p (112) to any virtual key
GetVirtualKey: Could not map char: c (99) to any virtual key
GetVirtualKey: Could not map char: r (114) to any virtual key
GetVirtualKey: Could not map char: P (80) to any virtual key
GetVirtualKey: Could not map char: n (110) to any virtual key
GetVirtualKey: Could not map char: n (110) to any virtual key
GetVirtualKey: Could not map char: g (103) to any virtual key
GetVirtualKey: Could not map char: f (102) to any virtual key
GetVirtualKey: Could not map char: f (102) to any virtual key
GetVirtualKey: Could not map char: a (97) to any virtual key
GetVirtualKey: Could not map char: a (97) to any virtual key
GetVirtualKey: Could not map char: n (110) to any virtual key
GetVirtualKey: Could not map char: o (111) to any virtual key
GetVirtualKey: Could not map char: s (115) to any virtual key
GetVirtualKey: Could not map char: s (115) to any virtual key
GetVirtualKey: Could not map char: b (98) to any virtual key
GetVirtualKey: Could not map char: b (98) to any virtual key
GetVirtualKey: Could not map char: c (99) to any virtual key
GetVirtualKey: Could not map char: u (117) to any virtual key
Unloading 3 Unused Serialized files (Serialized files now loaded: 0)
Unloading 596 unused Assets / (0.8 MB). Loaded Objects now: 1257.
Memory consumption went from 209.2 MB to 208.5 MB.
Total: 3.841500 ms (FindLiveObjects: 0.068400 ms CreateObjectMapping: 0.079000 ms MarkObjects: 3.362700 ms  DeleteObjects: 0.328800 ms)

Opening scene 'Assets/_Game/Scenes/ConceptProceduralWorld.unity'
Unloading 30 Unused Serialized files (Serialized files now loaded: 0)
Loaded scene 'Assets/_Game/Scenes/ConceptProceduralWorld.unity'
	Deserialize:            13.830 ms
	Integration:            4.912 ms
	Integration of assets:  19.931 ms
	Thread Wait Time:       0.989 ms
	Total Operation Time:   39.662 ms
Unloading 1 unused Assets / (1.0 KB). Loaded Objects now: 1549.
Memory consumption went from 238.0 MB to 238.0 MB.
Total: 3.176200 ms (FindLiveObjects: 0.063100 ms CreateObjectMapping: 0.055300 ms MarkObjects: 3.044500 ms  DeleteObjects: 0.012700 ms)

[Project] Loading completed in 3.545 seconds
	Project init time: 				3.208 seconds
		Template init time: 		0.000 seconds
		Package Manager init time: 		0.287 seconds
		Asset Database init time: 		0.163 seconds
		Global illumination init time: 	0.002 seconds
		Assemblies load time: 			0.807 seconds
		Unity extensions init time: 	0.003 seconds
		Asset Database refresh time: 	1.365 seconds
	Scene opening time: 			0.137 seconds
##utp:{"type":"ProjectInfo","version":2,"phase":"Immediate","time":1791551555689,"processId":29412,"projectLoad":3.5452318,"projectInit":3.207771,"templateInit":0.0,"packageManagerInit":0.2874486,"assetDatabaseInit":0.1627606,"globalIlluminationInit":0.0023051,"assembliesLoad":0.8065693,"unityExtensionsInit":0.0025059,"assetDatabaseRefresh":1.3652825,"sceneOpening":0.1374254}
##utp:{"type":"EditorInfo","version":2,"phase":"Immediate","time":1791551555689,"processId":29412,"editorVersion":"6000.5.5f1 (d16e074b49fd)","branch":"6000.5/staging","buildType":"Release","platform":"Windows"}
Reloading assemblies for play mode.
Reloading assemblies after forced synchronous recompile.
Begin MonoManager ReloadAssembly
Curl error 35: Cert verify failed. Certificate could not be verified (either omitted or unsupported). UnityTls error code: 7
Native extension for WindowsStandalone target not found
Native extension for WebGL target not found
ScheduleIndexationOnStartup MainProcess:True IndexOnStartup:True
Mono: successfully reloaded assembly
- Finished resetting the current domain, in  0.418 seconds
Domain Reload Profiling: 755ms
	BeginReloadAssembly (186ms)
		DisableScriptedObjects (31ms)
		CreateAndSetChildDomain (36ms)
	RebuildCommonClasses (9ms)
	RebuildNativeTypeToScriptingClass (14ms)
	initialDomainReloadingComplete (36ms)
	LoadAllAssembliesAndSetupDomain (87ms)
		LoadAssemblies (101ms)
		AnalyzeDomain (6ms)
			TypeCache.Refresh (4ms)
	FinalizeReload (421ms)
		SetupLoadedEditorAssemblies (0ms)
			BeforeProcessingInitializeOnLoad (76ms)
			ProcessInitializeOnLoadAttributes (66ms)
			ProcessInitializeOnLoadMethodAttributes (61ms)
		AwakeInstancesAfterBackupRestoration (32ms)
No restricted APIs configured; Validation skipped.
Checking 1 assemblies for restricted APIs found 0 usage(s) in 4 ms

Asset Pipeline Refresh (id=0be9f23d29cab5d4c9e24bc9d8fb97cc): Total: 0.932 seconds - Initiated by StopAssetImportingV2(ForceSynchronousImport | ForceDomainReload)
	(Values over 0.05ms)
	Summary:
		Imports: total=0 (actual=0, local cache=0, cache server=0)
		Asset DB Process Time: managed=0 ms, native=483 ms
		Asset DB Callback time: managed=74 ms, native=19 ms
		Scripting: domain reloads=1, domain reload time=352 ms, compile time=3 ms, other=0 ms
		Project Asset Count: scripts=246, non-scripts=1379
		Asset File Changes: new=0, changed=0, moved=0, deleted=0
		Scan Filter Count: 0
	InvokePackagesCallback: 1.591ms
	Collect global state as custom dependencies: 0.385ms
	ProcessAssetsWithTransientArtifactChanges: 10.504ms
	CategorizeAssets: 9.149ms
	CompileScripts: 2.755ms
	ImportOutOfDateAssets: 429.647ms (422.851ms without children)
		CollectScriptTypesHashes: 0.247ms
		ReloadNativeAssets: 0.245ms
		UnloadImportedAssets: 0.189ms
		EnsureUptoDateAssetsAreRegisteredWithGuidPM: 0.162ms
		ImportSchedulerStart: 6.196ms
	PostProcessAllAssets: 90.646ms
		PostProcessCallbackCreateDeferredMaterials 2.529ms
		AssemblyValidation.PostprocessAllAssets 1.716ms
		ShaderAssetModifiedCallback 1.391ms
		RaytracingShaderImportPostprocess 0.569ms
		ComputeShaderImportPostprocess 0.509ms
		SpeedTreeImporter.PostprocessAllAssets 0.390ms
		BlockShaderImporter.PostprocessAllAssets 0.256ms
		LocalizationDatabase.AssetDatabasePostprocessCallback 0.212ms
		MonoPostProcessAllAssets: 73.579ms
			AssetPostprocessor.OnPostprocessAllAssets 27.176ms
			StyleCatalogPostProcessor.OnPostprocessAllAssets 10.225ms
			WindowAssetPostprocessingWatcher.OnPostprocessAllAssets 7.364ms
			BuilderAssetPostprocessor.OnPostprocessAllAssets 4.322ms
			AssetChangedListener.OnPostprocessAllAssets 2.758ms
			TextAssetPostProcessor.OnPostprocessAllAssets 1.840ms
			SyncVS.PostprocessSyncProject 1.768ms
			RetainedModeAssetPostprocessor.OnPostprocessAllAssets 1.064ms
			SpeedTree9Postprocessor.OnPostprocessAllAssets 0.966ms
			ArtifactBrowserPostProcessor.OnPostprocessAllAssets 0.461ms
			EditModeScopePostprocessor.OnPostprocessAllAssets 0.354ms
			AudioMixerPostprocessor.OnPostprocessAllAssets 0.261ms
			ReferencedClipsPostProcessor.OnPostprocessAllAssets 0.241ms
			AssetEvents.OnPostprocessAllAssets 0.193ms
			TerrainToolbarOverlayPostProcessor.OnPostprocessAllAssets 0.158ms
			SpeedTreePostProcessor.OnPostprocessAllAssets 0.149ms
			AssetDatabaseCallbacks.OnPostprocessAllAssets 0.145ms
			ConfigAssetsTracker.OnPostprocessAllAssets 0.123ms
			ScenarioDriftAssetsTracker.OnPostprocessAllAssets 0.119ms
			RenderPipelineGlobalSettingsPostprocessor.OnPostprocessAllAssets 0.080ms
			AudioContainerPostProcessor.OnPostprocessAllAssets 0.061ms
	PostAssetChangesProfiler: 2.724ms
	GatherAllCurrentPrimaryImportResultRevisions: 0.088ms
	UnloadStreamsBegin: 0.206ms
	PersistCurrentRevisions: 0.052ms
	GenerateScriptTypeHashes: 0.520ms
	GenerateScriptTypeSerializationHashes: 0.689ms
	Untracked: 379.917ms

Loaded scene 'Temp/__Backupscenes/0.backup'
	Deserialize:            1.020 ms
	Integration:            23.656 ms
	Integration of assets:  0.002 ms
	Thread Wait Time:       0.014 ms
	Total Operation Time:   24.691 ms
Curl error 35: Cert verify failed. Certificate could not be verified (either omitted or unsupported). UnityTls error code: 7
Worker ready: AssetImportWorkerHW0 0
[MODES] ModeService[none].Initialize
[MODES] ModeService[none].LoadModes
Start Indexing on Editor startup
[Indexing] Starting Initial Indexing for Assets
Created GICache directory at C:/Users/Дмитрий/AppData/LocalLow/Unity/Caches/GiCache. Took: 0.016s, timestamps: [29.850 - 29.865]
[Licensing::Client] Successfully resolved entitlement details
Curl error 35: Cert verify failed. Certificate could not be verified (either omitted or unsupported). UnityTls error code: 7
Curl error 35: Cert verify failed. Certificate could not be verified (either omitted or unsupported). UnityTls error code: 7
TrimDiskCacheJob: Current cache size 0mb
Curl error 35: Cert verify failed. Certificate could not be verified (either omitted or unsupported). UnityTls error code: 7
MonoPathRemapper: Attempts to remap: 25087; Successful remaps: 808
Serialized file version minimum: 23, current 23
Importing 'GUID: 6c38a27e5037ca1458a6c8aea4c6d5b3 - Path: Assets/_Game/Settings/World/ConceptWorld_v001/Concept_Sky.mat' with importer (NativeFormatImporter)
Imported 'GUID: 6c38a27e5037ca1458a6c8aea4c6d5b3' -> (Import Result ID: '4787167608e3d571a1c4398dcc19b897') in 0.006 seconds [static dependencies only]. Details - ImportResultOutputID=d45ce2b1338aedeabfd9dc6cd3b323ea DependenciesID=02348628d4730ab0bd6ffd315bf38c79 StaticDependenciesID=aaa19149ec9228d307633befc38e142d 
Asset Pipeline Refresh (id=0265ad4c4f6e136458b480161bf43b75): Total: 0.027 seconds - Initiated by StopAssetImportingV2(NoUpdateAssetOptions)
[Physics::Module] Cleanup current backend.
[Physics::Module] Id: 0xf2b8ea05
Input System module state changed to: ShutdownInProgress.
Input Polling Thread exited.
Input System module state changed to: Shutdown.
[Licensing::IpcConnector] LicenseClient-Дмитрий-notifications channel disconnected successfully.
[Licensing::IpcConnector] LicenseClient-Дмитрий channel disconnected successfully.
AcceleratorClientConnectionCallback - disconnected - :0
Cleanup mono
CodeReloadManager destroyed
Checking for leaked weakptr:
  Found no leaked weakptrs.
[Package Manager] Server process was shutdown
##utp:{"type":"MemoryLeaks","version":2,"phase":"Immediate","time":1791551628280,"processId":29412,"allocatedMemory":13617227,"memoryLabels":[{"Default":200794},{"Permanent":15516},{"NewDelete":66779},{"Thread":4205176},{"Manager":35333},{"VertexData":8},{"Geometry":816},{"Texture":24},{"Shader":832908},{"Material":24},{"GfxDevice":58448},{"Animation":952},{"Audio":1168},{"FreeType":8},{"FontEngine":736},{"Physics":2146},{"Physics2D":16},{"Serialization":1016},{"Input":42840},{"JobScheduler":256},{"TextLib":280},{"Mono":48},{"ScriptingNativeRuntime":674964},{"BaseObject":1621960},{"Resource":1208},{"Renderer":3080},{"Transform":4685},{"File":4017},{"WebCam":616},{"Culling":32},{"Terrain":11442},{"Wind":24},{"STL":40},{"String":13544},{"StaticString":3808},{"Utility":2674326},{"Curl":2695},{"PoolAlloc":2168},{"AI":80},{"TypeTree":17165},{"CodeReload":448},{"RuntimeInitializeOnLoadManager":64},{"Sprites":102},{"SpriteAtlas":120},{"GI":7816},{"Director":8296},{"CloudService":7096},{"WebRequest":552},{"VR":47114},{"SceneManager":608},{"Video":208},{"LazyScriptCache":32},{"Camera":17},{"Secure":2377},{"SerializationCache":1576},{"APIUpdating":10320},{"Subsystems":336},{"VirtualTexturing":57888},{"StaticSafetyDebugInfo":278528},{"Analytics":552},{"Hierarchy":1176},{"UIElements":72},{"CoreStats":13688},{"Identifiers":6768},{"Gui":128},{"EditorUtility":132023},{"VersionControl":8},{"Undo":931},{"AssetDatabase":2480788},{"AssetImporter":40},{"EditorGi":328},{"UnityConnect":38929},{"Upm":1912},{"UpmDiagnostics":8},{"AssetCompliance":64},{"DrivenProperties":72},{"LocalIPC":220},{"ProfilerEditor":9746},{"CoreBusinessMetrics":3482},{"Windowing":456},{"Licensing":1232},{"AssetReference":32},{"IPCStream":32}]}
