[Licensing::Module] Trying to connect to existing licensing client channel...
[Licensing::IpcConnector] Channel LicenseClient-Дмитрий doesn't exist
Built from '6000.5/staging' branch; Version is '6000.5.5f1 (d16e074b49fd) revision 13725191'; Using compiler version '194234433'; Build Type 'Release'
OS: 'Windows 11  (10.0.26200) Professional' Language: 'ru' Physical Memory: 32625 MB
BatchMode: 1, IsHumanControllingUs: 0, StartBugReporterOnCrash: 0, Is64bit: 1
System  architecture: x64
Process architecture: x64
Date: 2026-10-08T20:19:39Z
[Licensing::Module] Successfully launched the LicensingClient (PId: 39624)
[Licensing::IpcConnector] Successfully connected to: "LicenseClient-Дмитрий" at "2026-10-08T20:19:39.6805316Z"

COMMAND LINE ARGUMENTS:
E:\Unity\Unity_6.5\6000.5.5f1\Editor\Unity.exe
-batchmode
-quit
-projectPath
E:/Games_Develop/Little-Castle
-executeMethod
LittleCastle.Editor.ConceptBridgeSceneBuilder.CalibrateFixture
-logFile
Logs/Desktop-Bridge-Calibrated-Capture.log
Successfully changed project path to: E:/Games_Develop/Little-Castle
E:/Games_Develop/Little-Castle
[UnityMemory] Configuration Parameters - Can be set up in boot.config
    "memorysetup-temp-allocator-size-gi-baking-worker=262144"
    "memorysetup-temp-allocator-size-gi-baking-worker=262144"
    "memorysetup-temp-allocator-size-gi-baking-worker=262144"
    "memorysetup-temp-allocator-size-gi-baking-worker=262144"
    "memorysetup-temp-allocator-size-gi-baking-worker=262144"
    "memorysetup-temp-allocator-size-nav-mesh-worker=65536"
    "memorysetup-temp-allocator-size-audio-worker=65536"
    "memorysetup-temp-allocator-size-cloud-worker=32768"
    "memorysetup-temp-allocator-size-gfx=262144"
    "memorysetup-temp-allocator-size-preload-manager=33554432"
    "memorysetup-allocator-temp-initial-block-size-main=262144"
    "memorysetup-allocator-temp-initial-block-size-worker=262144"
    "memorysetup-temp-allocator-size-job-worker=262144"
    "memorysetup-temp-allocator-size-background-worker=32768"
    "memorysetup-bucket-allocator-granularity=16"
    "memorysetup-bucket-allocator-bucket-count=8"
    "memorysetup-bucket-allocator-block-size=33554432"
    "memorysetup-bucket-allocator-block-count=8"
    "memorysetup-main-allocator-block-size=16777216"
    "memorysetup-thread-allocator-block-size=16777216"
    "memorysetup-main-allocator-mimalloc-enabled=0"
    "memorysetup-gfx-main-allocator-block-size=16777216"
    "memorysetup-gfx-thread-allocator-block-size=16777216"
    "memorysetup-cache-allocator-block-size=4194304"
    "memorysetup-typetree-allocator-block-size=2097152"
    "memorysetup-profiler-bucket-allocator-granularity=16"
    "memorysetup-profiler-bucket-allocator-bucket-count=8"
    "memorysetup-profiler-bucket-allocator-block-size=33554432"
    "memorysetup-profiler-bucket-allocator-block-count=8"
    "memorysetup-profiler-allocator-block-size=16777216"
    "memorysetup-profiler-editor-allocator-block-size=1048576"
    "memorysetup-temp-allocator-size-main=16777216"
    "memorysetup-job-temp-allocator-block-size=2097152"
    "memorysetup-job-temp-allocator-block-size-background=1048576"
    "memorysetup-job-temp-allocator-reduction-small-platforms=262144"
Logging is directed to a specific file, skipping project log.Player connection [4132]  Target information:

Player connection [4132]  * "[IP] 192.168.10.139 [Port] 55504 [Flags] 2 [Guid] 1867016335 [EditorId] 1867016335 [Version] 1048832 [Id] WindowsEditor(7,DESKTOP-U3MAU12) [Debug] 1 [PackageName] WindowsEditor [ProjectName] Editor" 

Player connection [4132]  * "[IP] 10.6.7.1 [Port] 55504 [Flags] 2 [Guid] 1867016335 [EditorId] 1867016335 [Version] 1048832 [Id] WindowsEditor(7,DESKTOP-U3MAU12) [Debug] 1 [PackageName] WindowsEditor [ProjectName] Editor" 

Player connection [4132] Host joined multi-casting on [225.0.0.222:54997]...
Player connection [4132] Host joined alternative multi-casting on [225.0.0.222:34997]...
Input System module state changed to: Initialized.
[Physics::Module] Initialized fallback backend.
[Physics::Module] Id: 0xdecafbad
[Licensing::Client] Code 10 while verifying Licensing Client signature (process Id: 39624, path: "E:/Unity/Unity_6.5/6000.5.5f1/Editor/Data/Resources/Licensing/Client/Unity.Licensing.Client.exe")
[Licensing::Module] LicensingClient has failed validation; ignoring
[Package Manager] Connected to IPC stream "Upm-35908" after 0.3 seconds.
[Licensing::Module] Licensing is not yet initialized.
[Licensing::Client] Handshaking with LicensingClient:
  Version:                 1.18.1+9fbee8e
  Session Id:              351bfcf85fba4849b5cbdc2c36dd8a82
  Correlation Id:          6f509baf3840ffe69e010be624ca4513
  External correlation Id: 2263435334030980046
  Machine Id:              ukWjmUigJ6C168X6HXqjbBw2IT4=
[Licensing::Module] Successfully connected to LicensingClient on channel: "LicenseClient-Дмитрий" (connect: 0.25s, validation: 0.40s, handshake: 0.07s)
[Licensing::IpcConnector] Successfully connected to: "LicenseClient-Дмитрий-notifications" at "2026-10-08T20:19:40.1579715Z"
[Licensing::Module] Connected to LicensingClient (PId: 39624, launch time: 0.12, total connection time: 0.72s)
[Licensing::Module] Error: Access token is unavailable; failed to update
[Licensing::Client] Successfully resolved entitlement details
[Licensing::Module] License group:
  Id: 10171631734416-UnityPersXXXX
  Product: Unity Personal
  Type: Assigned
  Expiration: Unlimited
[Licensing::Client] Successfully updated license, isAsync: True, time: 0.01
[Licensing::Client] Successfully resolved entitlement details
[Licensing::Module] Licensing Background thread has ended after 0.88s
[Licensing::Module] Licensing is initialized (took 0.10s).
[Licensing::Client] Successfully resolved entitlement details
Library Redirect Path: Library/
[Physics::Module] Selected backend.
[Physics::Module] Name: PhysX
[Physics::Module] Id: 0xf2b8ea05
[Physics::Module] SDK Version: 4.1.2
[Physics::Module] Integration Version: 1.0.0
[Physics::Module] Threading Mode: Multi-Threaded
Initialize engine version: 6000.5.5f1 (d16e074b49fd)
[Subsystems] Discovering subsystems at path E:/Unity/Unity_6.5/6000.5.5f1/Editor/Data/Resources/UnitySubsystems
[Subsystems] Discovering subsystems at path E:/Games_Develop/Little-Castle/Assets
GfxDevice: creating device client; kGfxThreadingModeNonThreaded
d3d12: failed to query info queue interface (0x80004002).
Direct3D:
    Version:         Direct3D 12 [level 12.2]
    Renderer:        NVIDIA GeForce RTX 4070 Ti SUPER (ID=0x2705)
    Vendor:          NVIDIA
    VRAM:            16061 MB
    App VRAM Budget: 15293 MB
    Driver:          32.0.16.1088
Initialize mono
Mono path[0] = 'E:/Unity/Unity_6.5/6000.5.5f1/Editor/Data/Managed'
Mono path[1] = 'E:/Unity/Unity_6.5/6000.5.5f1/Editor/Data/BCLExtensions/runtime/netstandard2.1'
Mono path[2] = 'E:/Unity/Unity_6.5/6000.5.5f1/Editor/Data/MonoBleedingEdge/lib/mono/unityjit-win32'
Mono config path = 'E:/Unity/Unity_6.5/6000.5.5f1/Editor/Data/MonoBleedingEdge/etc'
Using monoOptions --debugger-agent=transport=dt_socket,embedding=1,server=y,suspend=n,address=127.0.0.1:56908
CodeReloadManager initialized
ImportWorker Server TCP listen port: 0
AcceleratorClientConnectionCallback - disconnected - :0
Begin MonoManager ReloadAssembly
Registering precompiled unity dll's ...
Register platform support module: E:/Unity/Unity_6.5/6000.5.5f1/Editor/Data/PlaybackEngines/WebGLSupport/UnityEditor.WebGL.Extensions.dll
Register platform support module: E:/Unity/Unity_6.5/6000.5.5f1/Editor/Data/PlaybackEngines/WindowsStandaloneSupport/UnityEditor.WindowsStandalone.Extensions.dll
Registered in 0.001945 seconds.
Native extension for WindowsStandalone target not found
Native extension for WebGL target not found
Package Manager log level set to [2]
ScheduleIndexationOnStartup MainProcess:False IndexOnStartup:True
Mono: successfully reloaded assembly
- Finished resetting the current domain, in  0.364 seconds
Domain Reload Profiling: 856ms
	BeginReloadAssembly (142ms)
		CreateAndSetChildDomain (11ms)
	RebuildCommonClasses (4ms)
	RebuildNativeTypeToScriptingClass (14ms)
	initialDomainReloadingComplete (61ms)
	LoadAllAssembliesAndSetupDomain (268ms)
		LoadAssemblies (131ms)
		AnalyzeDomain (200ms)
			TypeCache.Refresh (199ms)
				TypeCache.ScanAssembly (185ms)
	FinalizeReload (367ms)
		SetupLoadedEditorAssemblies (0ms)
			BeforeProcessingInitializeOnLoad (85ms)
			ProcessInitializeOnLoadAttributes (94ms)
			ProcessInitializeOnLoadMethodAttributes (113ms)
[Licensing::Client] Successfully resolved entitlement details
Application.AssetDatabase Initial Refresh Start
[Package Manager] Restoring resolved packages state from cache
[Licensing::Client] Successfully resolved entitlement details
[Package Manager] Registered 6 packages:
  Built-in packages:
    com.unity.modules.imageconversion@1.0.0 (location: E:\Games_Develop\Little-Castle\Library\PackageCache\com.unity.modules.imageconversion)
    com.unity.test-framework@1.7.0 (location: E:\Games_Develop\Little-Castle\Library\PackageCache\com.unity.test-framework@1405238725ab)
    com.unity.modules.physics@1.0.0 (location: E:\Games_Develop\Little-Castle\Library\PackageCache\com.unity.modules.physics)
    com.unity.ext.nunit@2.1.0 (location: E:\Games_Develop\Little-Castle\Library\PackageCache\com.unity.ext.nunit@44f7d31723bd)
    com.unity.modules.imgui@1.0.0 (location: E:\Games_Develop\Little-Castle\Library\PackageCache\com.unity.modules.imgui)
    com.unity.modules.jsonserialize@1.0.0 (location: E:\Games_Develop\Little-Castle\Library\PackageCache\com.unity.modules.jsonserialize)
[Subsystems] No new subsystems found in resolved package list.
[Package Manager] Done registering packages in 0.01 seconds
Starting: E:\Unity\Unity_6.5\6000.5.5f1\Editor\Data\Tools\BuildPipeline\bee_backend.exe --ipc --defer-dag-verification --dagfile="Library/Bee/1900b0aE.dag" --continue-on-failure --profile="Library/Bee/backend1.traceevents" ScriptAssemblies
WorkingDir: E:/Games_Develop/Little-Castle
DisplayProgressbar: Compiling Scripts
ExitCode: 0 Duration: 0s230ms
*** Tundra build success (0.02 seconds), 0 items updated, 210 evaluated
AssetDatabase: script compilation time: 0.771295s
Begin MonoManager ReloadAssembly
Total cache size 34339412
Total cache size after purge 34339412, took 00:00:00.0882734
Native extension for WindowsStandalone target not found
Native extension for WebGL target not found
ScheduleIndexationOnStartup MainProcess:True IndexOnStartup:True
Mono: successfully reloaded assembly
- Finished resetting the current domain, in  0.380 seconds
Domain Reload Profiling: 840ms
	BeginReloadAssembly (239ms)
		DisableScriptedObjects (23ms)
		CreateAndSetChildDomain (43ms)
	RebuildCommonClasses (8ms)
	RebuildNativeTypeToScriptingClass (13ms)
	initialDomainReloadingComplete (36ms)
	LoadAllAssembliesAndSetupDomain (162ms)
		LoadAssemblies (202ms)
		AnalyzeDomain (20ms)
			TypeCache.Refresh (13ms)
				TypeCache.ScanAssembly (8ms)
			BuildScriptInfoCaches (6ms)
	FinalizeReload (382ms)
		SetupLoadedEditorAssemblies (0ms)
			BeforeProcessingInitializeOnLoad (81ms)
			ProcessInitializeOnLoadAttributes (76ms)
			ProcessInitializeOnLoadMethodAttributes (73ms)
		AwakeInstancesAfterBackupRestoration (23ms)
Starting new worker id: 0 with log in E:/Games_Develop/Little-Castle/Logs/AssetImportWorkerHW0.log

Asset Pipeline Refresh (id=e4983a6cb2c407540aca385ce4a17d86): Total: 1.973 seconds - Initiated by InitialRefreshV2(ForceSynchronousImport)
	(Values over 0.05ms)
	Summary:
		Imports: total=0 (actual=0, local cache=0, cache server=0)
		Asset DB Process Time: managed=0 ms, native=677 ms
		Asset DB Callback time: managed=17 ms, native=6 ms
		Scripting: domain reloads=1, domain reload time=490 ms, compile time=774 ms, other=6 ms
		Project Asset Count: scripts=239, non-scripts=1340
		Asset File Changes: new=0, changed=0, moved=0, deleted=0
		Scan Filter Count: 0
	InvokePackagesCallback: 8.546ms
	ApplyChangesToAssetFolders: 0.301ms
	Scan: 32.724ms
	Collect global state as custom dependencies: 0.476ms
	CategorizeScriptCompilationAssets: 2.894ms
	ProcessAssetsWithTransientArtifactChanges: 6.539ms
	CategorizeAssets: 8.841ms
	CompileScripts: 774.133ms
	ImportOutOfDateAssets: 587.204ms (384.738ms without children)
		UnloadImportedAssets: 0.077ms
		EnsureUptoDateAssetsAreRegisteredWithGuidPM: 0.414ms
		ImportSchedulerStart: 201.971ms
	PostProcessAllAssets: 17.254ms
		MonoPostProcessAllAssets: 17.192ms
			WindowAssetPostprocessingWatcher.OnPostprocessAllAssets 6.197ms
			SyncVS.PostprocessSyncProject 1.860ms
			EditModeScopePostprocessor.OnPostprocessAllAssets 0.845ms
			SpeedTree9Postprocessor.OnPostprocessAllAssets 0.663ms
			ReferencedClipsPostProcessor.OnPostprocessAllAssets 0.245ms
			TerrainToolbarOverlayPostProcessor.OnPostprocessAllAssets 0.204ms
			AssetDatabaseCallbacks.OnPostprocessAllAssets 0.141ms
			RenderPipelineGlobalSettingsPostprocessor.OnPostprocessAllAssets 0.072ms
	UnloadStreamsBegin: 1.483ms
	Untracked: 529.495ms

Application.AssetDatabase Initial Refresh End
Launched and connected shader compiler UnityShaderCompiler.exe after 0.02 seconds
Scanning for USB devices : 3.009ms
Initializing Unity extensions:
[MODES] ModeService[none].Initialize
[MODES] ModeService[none].LoadModes
[MODES] Loading mode Default (0) for mode-current-id-Little-Castle
GetVirtualKey: Could not map char: z (122) to any virtual key
GetVirtualKey: Could not map char: y (121) to any virtual key
GetVirtualKey: Could not map char: x (120) to any virtual key
GetVirtualKey: Could not map char: c (99) to any virtual key
GetVirtualKey: Could not map char: v (118) to any virtual key
GetVirtualKey: Could not map char: V (86) to any virtual key
GetVirtualKey: Could not map char: d (100) to any virtual key
GetVirtualKey: Could not map char: f (102) to any virtual key
GetVirtualKey: Could not map char: f (102) to any virtual key
GetVirtualKey: Could not map char: a (97) to any virtual key
GetVirtualKey: Could not map char: d (100) to any virtual key
GetVirtualKey: Could not map char: c (99) to any virtual key
GetVirtualKey: Could not map char: r (114) to any virtual key
GetVirtualKey: Could not map char: i (105) to any virtual key
GetVirtualKey: Could not map char: l (108) to any virtual key
GetVirtualKey: Could not map char: f (102) to any virtual key
GetVirtualKey: Could not map char: k (107) to any virtual key
GetVirtualKey: Could not map char: p (112) to any virtual key
GetVirtualKey: Could not map char: p (112) to any virtual key
GetVirtualKey: Could not map char: p (112) to any virtual key
GetVirtualKey: Could not map char: c (99) to any virtual key
GetVirtualKey: Could not map char: r (114) to any virtual key
GetVirtualKey: Could not map char: P (80) to any virtual key
GetVirtualKey: Could not map char: n (110) to any virtual key
GetVirtualKey: Could not map char: n (110) to any virtual key
GetVirtualKey: Could not map char: g (103) to any virtual key
GetVirtualKey: Could not map char: f (102) to any virtual key
GetVirtualKey: Could not map char: f (102) to any virtual key
GetVirtualKey: Could not map char: a (97) to any virtual key
GetVirtualKey: Could not map char: a (97) to any virtual key
GetVirtualKey: Could not map char: n (110) to any virtual key
GetVirtualKey: Could not map char: o (111) to any virtual key
GetVirtualKey: Could not map char: s (115) to any virtual key
GetVirtualKey: Could not map char: s (115) to any virtual key
GetVirtualKey: Could not map char: b (98) to any virtual key
GetVirtualKey: Could not map char: b (98) to any virtual key
GetVirtualKey: Could not map char: c (99) to any virtual key
GetVirtualKey: Could not map char: u (117) to any virtual key
Unloading 3 Unused Serialized files (Serialized files now loaded: 0)
Unloading 572 unused Assets / (0.8 MB). Loaded Objects now: 1233.
Memory consumption went from 207.7 MB to 207.0 MB.
Total: 4.016400 ms (FindLiveObjects: 0.074400 ms CreateObjectMapping: 0.079600 ms MarkObjects: 3.518400 ms  DeleteObjects: 0.340600 ms)

Opening scene 'Assets/_Game/Scenes/ConceptBridgeTest.unity'
Unloading 22 Unused Serialized files (Serialized files now loaded: 0)
Loaded scene 'Assets/_Game/Scenes/ConceptBridgeTest.unity'
	Deserialize:            11.512 ms
	Integration:            78.406 ms
	Integration of assets:  6.203 ms
	Thread Wait Time:       1.032 ms
	Total Operation Time:   97.153 ms
Unloading 1 unused Assets / (1.0 KB). Loaded Objects now: 1684.
Memory consumption went from 224.1 MB to 224.1 MB.
Total: 3.620200 ms (FindLiveObjects: 0.070600 ms CreateObjectMapping: 0.054100 ms MarkObjects: 3.476600 ms  DeleteObjects: 0.018100 ms)

Importing 'GUID: 44e0aad1113e3b5408c42fe3b76f5411 - Path: Assets/_Game/Models/Concept/BridgeValidation/Terrain.mat' with importer (NativeFormatImporter)
Imported 'GUID: 44e0aad1113e3b5408c42fe3b76f5411' -> (Import Result ID: '7fe83c4f57648da5adab17bd3a8c9d97') in 0.005 seconds [static dependencies only]. Details - ImportResultOutputID=15a2973a0e02b91a78073b2e4f97bfed DependenciesID=a61745a255a388d3e754afc20ea3a233 StaticDependenciesID=16a3f4b5e74ffee3421866bbb06bb64f 
Importing 'GUID: 47d22342da0be73439c94ecc9366430b - Path: Assets/_Game/Models/Concept/BridgeValidation/Water.mat' with importer (NativeFormatImporter)
Imported 'GUID: 47d22342da0be73439c94ecc9366430b' -> (Import Result ID: 'a62b3a3489db9cd52e50aa81e82bb482') in 0.001 seconds [static dependencies only]. Details - ImportResultOutputID=a2d3a01a56834a5f9ea1b531689ce7e9 DependenciesID=ba7fff9f392d8a7ac83bb3398502e9c2 StaticDependenciesID=72799b20a4bde1975525c791c3ec6cd6 
Asset Pipeline Refresh (id=47807db795464564fa203ff033770ea0): Total: 0.083 seconds - Initiated by StopAssetImportingV2(NoUpdateAssetOptions)
Importing 'GUID: 26016521513243349a8a2e01a3fecea7 - Path: Assets/_Game/Scenes/ConceptBridgeTest.unity' with importer (DefaultImporter)
Imported 'GUID: 26016521513243349a8a2e01a3fecea7' -> (Import Result ID: 'e4c0ebb04d55c075a09939a578e0ef54') in 0.002 seconds [static dependencies only]. Details - ImportResultOutputID=3de3d3908e43ecbbc00c9f62ab54641c DependenciesID=71b3ae76cbdba44da1b16c4bd46de5c8 StaticDependenciesID=1f160fbd8197f8022abcf8ee49af6816 
Asset Pipeline Refresh (id=918fe228c72116f4096e2e2a2be8b5c9): Total: 0.031 seconds - Initiated by StopAssetImportingV2(NoUpdateAssetOptions)
Opening scene 'Assets/_Game/Scenes/ConceptBridgeTest.unity'
Unloading 0 Unused Serialized files (Serialized files now loaded: 0)
Loaded scene 'Assets/_Game/Scenes/ConceptBridgeTest.unity'
	Deserialize:            1.758 ms
	Integration:            3.848 ms
	Integration of assets:  0.002 ms
	Thread Wait Time:       0.010 ms
	Total Operation Time:   5.619 ms
Unloading 1 unused Assets / (1.0 KB). Loaded Objects now: 1687.
Memory consumption went from 224.7 MB to 224.7 MB.
Total: 3.508200 ms (FindLiveObjects: 0.073200 ms CreateObjectMapping: 0.057400 ms MarkObjects: 3.359600 ms  DeleteObjects: 0.017400 ms)

CONCEPT_BRIDGE_CAPTURE graphics=NVIDIA GeForce RTX 4070 Ti SUPER; actual Unity camera renders; not FPS/GPU benchmark.
UnityEngine.Debug:ExtractStackTraceNoAlloc (byte*,int,string)
UnityEngine.StackTraceUtility:ExtractStackTrace ()
UnityEngine.DebugLogHandler:Internal_Log (UnityEngine.LogType,UnityEngine.LogOption,string,UnityEngine.Object)
UnityEngine.DebugLogHandler:LogFormat (UnityEngine.LogType,UnityEngine.Object,string,object[])
UnityEngine.Logger:Log (UnityEngine.LogType,object)
UnityEngine.Debug:Log (object)
LittleCastle.Editor.ConceptBridgeSceneBuilder:Capture () (at Assets/_Game/Editor/ConceptBridgeSceneBuilder.cs:197)
LittleCastle.Editor.ConceptBridgeSceneBuilder:CalibrateFixture () (at Assets/_Game/Editor/ConceptBridgeSceneBuilder.cs:180)

(Filename: Assets/_Game/Editor/ConceptBridgeSceneBuilder.cs Line: 197)

Batchmode quit successfully invoked - shutting down!
Curl error 42: Callback aborted
[Physics::Module] Cleanup current backend.
[Physics::Module] Id: 0xf2b8ea05
Input System module state changed to: ShutdownInProgress.
Input Polling Thread exited.
Input System module state changed to: Shutdown.
[Licensing::IpcConnector] LicenseClient-Дмитрий-notifications channel disconnected successfully.
[Licensing::IpcConnector] LicenseClient-Дмитрий channel disconnected successfully.
AcceleratorClientConnectionCallback - disconnected - :0
Cleanup mono
CodeReloadManager destroyed
Exiting batchmode successfully now!
Exiting without the bug reporter. Application will terminate with return code 0