[Licensing::Module] Trying to connect to existing licensing client channel...
Built from '6000.5/staging' branch; Version is '6000.5.5f1 (d16e074b49fd) revision 13725191'; Using compiler version '194234433'; Build Type 'Release'
[Licensing::IpcConnector] Channel LicenseClient-Дмитрий doesn't exist
OS: 'Windows 11  (10.0.26200) Professional' Language: 'ru' Physical Memory: 32625 MB
BatchMode: 1, IsHumanControllingUs: 0, StartBugReporterOnCrash: 0, Is64bit: 1
System  architecture: x64
Process architecture: x64
Date: 2026-10-08T20:16:42Z
[Licensing::Module] Successfully launched the LicensingClient (PId: 30292)

COMMAND LINE ARGUMENTS:
E:\Unity\Unity_6.5\6000.5.5f1\Editor\Unity.exe
-batchmode
-nographics
-quit
-projectPath
E:/Games_Develop/Little-Castle
-executeMethod
LittleCastle.Editor.DesktopRoutingAudit.RunDesktopMatrix
-logFile
Logs/Desktop-Routing-Matrix.log
Successfully changed project path to: E:/Games_Develop/Little-Castle
E:/Games_Develop/Little-Castle
[UnityMemory] Configuration Parameters - Can be set up in boot.config
    "memorysetup-temp-allocator-size-gi-baking-worker=262144"
    "memorysetup-temp-allocator-size-gi-baking-worker=262144"
    "memorysetup-temp-allocator-size-gi-baking-worker=262144"
    "memorysetup-temp-allocator-size-gi-baking-worker=262144"
    "memorysetup-temp-allocator-size-gi-baking-worker=262144"
    "memorysetup-temp-allocator-size-nav-mesh-worker=65536"
    "memorysetup-temp-allocator-size-audio-worker=65536"
    "memorysetup-temp-allocator-size-cloud-worker=32768"
    "memorysetup-temp-allocator-size-gfx=262144"
    "memorysetup-temp-allocator-size-preload-manager=33554432"
    "memorysetup-allocator-temp-initial-block-size-main=262144"
    "memorysetup-allocator-temp-initial-block-size-worker=262144"
    "memorysetup-temp-allocator-size-job-worker=262144"
    "memorysetup-temp-allocator-size-background-worker=32768"
    "memorysetup-bucket-allocator-granularity=16"
    "memorysetup-bucket-allocator-bucket-count=8"
    "memorysetup-bucket-allocator-block-size=33554432"
    "memorysetup-bucket-allocator-block-count=8"
    "memorysetup-main-allocator-block-size=16777216"
    "memorysetup-thread-allocator-block-size=16777216"
    "memorysetup-main-allocator-mimalloc-enabled=0"
    "memorysetup-gfx-main-allocator-block-size=16777216"
    "memorysetup-gfx-thread-allocator-block-size=16777216"
    "memorysetup-cache-allocator-block-size=4194304"
    "memorysetup-typetree-allocator-block-size=2097152"
    "memorysetup-profiler-bucket-allocator-granularity=16"
    "memorysetup-profiler-bucket-allocator-bucket-count=8"
    "memorysetup-profiler-bucket-allocator-block-size=33554432"
    "memorysetup-profiler-bucket-allocator-block-count=8"
    "memorysetup-profiler-allocator-block-size=16777216"
    "memorysetup-profiler-editor-allocator-block-size=1048576"
    "memorysetup-temp-allocator-size-main=16777216"
    "memorysetup-job-temp-allocator-block-size=2097152"
    "memorysetup-job-temp-allocator-block-size-background=1048576"
    "memorysetup-job-temp-allocator-reduction-small-platforms=262144"
Logging is directed to a specific file, skipping project log.Player connection [33904]  Target information:

Player connection [33904]  * "[IP] 192.168.10.139 [Port] 55504 [Flags] 2 [Guid] 2151491292 [EditorId] 2151491292 [Version] 1048832 [Id] WindowsEditor(7,DESKTOP-U3MAU12) [Debug] 1 [PackageName] WindowsEditor [ProjectName] Editor" 

Player connection [33904]  * "[IP] 10.6.7.1 [Port] 55504 [Flags] 2 [Guid] 2151491292 [EditorId] 2151491292 [Version] 1048832 [Id] WindowsEditor(7,DESKTOP-U3MAU12) [Debug] 1 [PackageName] WindowsEditor [ProjectName] Editor" 

Player connection [33904] Host joined multi-casting on [225.0.0.222:54997]...
Player connection [33904] Host joined alternative multi-casting on [225.0.0.222:34997]...
Input System module state changed to: Initialized.
[Physics::Module] Initialized fallback backend.
[Physics::Module] Id: 0xdecafbad
[Licensing::IpcConnector] Successfully connected to: "LicenseClient-Дмитрий" at "2026-10-08T20:16:42.5464915Z"
[Licensing::Client] Code 10 while verifying Licensing Client signature (process Id: 30292, path: "E:/Unity/Unity_6.5/6000.5.5f1/Editor/Data/Resources/Licensing/Client/Unity.Licensing.Client.exe")
[Licensing::Module] LicensingClient has failed validation; ignoring
[Licensing::Client] Handshaking with LicensingClient:
  Version:                 1.18.1+9fbee8e
  Session Id:              c94f91db60474af7ba7a9d4b48b01039
  Correlation Id:          aaf426ba03d8e0df89dd95971d634c68
  External correlation Id: 7486890221561025635
  Machine Id:              ukWjmUigJ6C168X6HXqjbBw2IT4=
[Licensing::Module] Successfully connected to LicensingClient on channel: "LicenseClient-Дмитрий" (connect: 0.24s, validation: 0.09s, handshake: 0.06s)
[Licensing::IpcConnector] Successfully connected to: "LicenseClient-Дмитрий-notifications" at "2026-10-08T20:16:42.6986321Z"
[Licensing::Module] Connected to LicensingClient (PId: 30292, launch time: 0.01, total connection time: 0.40s)
[Licensing::Module] Error: Access token is unavailable; failed to update
[Licensing::Client] Successfully resolved entitlement details
[Licensing::Module] License group:
  Id: 10171631734416-UnityPersXXXX
  Product: Unity Personal
  Type: Assigned
  Expiration: Unlimited
[Licensing::Client] Successfully updated license, isAsync: True, time: 0.01
[Licensing::Client] Successfully resolved entitlement details
[Licensing::Module] Licensing Background thread has ended after 0.44s
[Package Manager] Connected to IPC stream "Upm-40328" after 0.2 seconds.
[Licensing::Client] Successfully resolved entitlement details
Library Redirect Path: Library/
[Physics::Module] Selected backend.
[Physics::Module] Name: PhysX
[Physics::Module] Id: 0xf2b8ea05
[Physics::Module] SDK Version: 4.1.2
[Physics::Module] Integration Version: 1.0.0
[Physics::Module] Threading Mode: Multi-Threaded
Initialize engine version: 6000.5.5f1 (d16e074b49fd)
[Subsystems] Discovering subsystems at path E:/Unity/Unity_6.5/6000.5.5f1/Editor/Data/Resources/UnitySubsystems
[Subsystems] Discovering subsystems at path E:/Games_Develop/Little-Castle/Assets
Forcing GfxDevice: Null
GfxDevice: creating device client; kGfxThreadingModeNonThreaded
NullGfxDevice:
    Version:  NULL 1.0 [1.0]
    Renderer: Null Device
    Vendor:   Unity Technologies
Initialize mono
Mono path[0] = 'E:/Unity/Unity_6.5/6000.5.5f1/Editor/Data/Managed'
Mono path[1] = 'E:/Unity/Unity_6.5/6000.5.5f1/Editor/Data/BCLExtensions/runtime/netstandard2.1'
Mono path[2] = 'E:/Unity/Unity_6.5/6000.5.5f1/Editor/Data/MonoBleedingEdge/lib/mono/unityjit-win32'
Mono config path = 'E:/Unity/Unity_6.5/6000.5.5f1/Editor/Data/MonoBleedingEdge/etc'
Using monoOptions --debugger-agent=transport=dt_socket,embedding=1,server=y,suspend=n,address=127.0.0.1:56328
CodeReloadManager initialized
ImportWorker Server TCP listen port: 0
AcceleratorClientConnectionCallback - disconnected - :0
Begin MonoManager ReloadAssembly
Registering precompiled unity dll's ...
Register platform support module: E:/Unity/Unity_6.5/6000.5.5f1/Editor/Data/PlaybackEngines/WebGLSupport/UnityEditor.WebGL.Extensions.dll
Register platform support module: E:/Unity/Unity_6.5/6000.5.5f1/Editor/Data/PlaybackEngines/WindowsStandaloneSupport/UnityEditor.WindowsStandalone.Extensions.dll
Registered in 0.001323 seconds.
Native extension for WindowsStandalone target not found
Native extension for WebGL target not found
Package Manager log level set to [2]
ScheduleIndexationOnStartup MainProcess:False IndexOnStartup:True
Mono: successfully reloaded assembly
- Finished resetting the current domain, in  0.341 seconds
Domain Reload Profiling: 800ms
	BeginReloadAssembly (137ms)
		CreateAndSetChildDomain (17ms)
	RebuildCommonClasses (4ms)
	RebuildNativeTypeToScriptingClass (14ms)
	initialDomainReloadingComplete (54ms)
	LoadAllAssembliesAndSetupDomain (247ms)
		LoadAssemblies (120ms)
		AnalyzeDomain (181ms)
			TypeCache.Refresh (180ms)
				TypeCache.ScanAssembly (168ms)
	FinalizeReload (343ms)
		SetupLoadedEditorAssemblies (0ms)
			BeforeProcessingInitializeOnLoad (81ms)
			ProcessInitializeOnLoadAttributes (88ms)
			ProcessInitializeOnLoadMethodAttributes (103ms)
[Licensing::Client] Successfully resolved entitlement details
Application.AssetDatabase Initial Refresh Start
[Package Manager] Restoring resolved packages state from cache
[Licensing::Client] Successfully resolved entitlement details
[Package Manager] Registered 6 packages:
  Built-in packages:
    com.unity.modules.imageconversion@1.0.0 (location: E:\Games_Develop\Little-Castle\Library\PackageCache\com.unity.modules.imageconversion)
    com.unity.test-framework@1.7.0 (location: E:\Games_Develop\Little-Castle\Library\PackageCache\com.unity.test-framework@1405238725ab)
    com.unity.modules.physics@1.0.0 (location: E:\Games_Develop\Little-Castle\Library\PackageCache\com.unity.modules.physics)
    com.unity.ext.nunit@2.1.0 (location: E:\Games_Develop\Little-Castle\Library\PackageCache\com.unity.ext.nunit@44f7d31723bd)
    com.unity.modules.imgui@1.0.0 (location: E:\Games_Develop\Little-Castle\Library\PackageCache\com.unity.modules.imgui)
    com.unity.modules.jsonserialize@1.0.0 (location: E:\Games_Develop\Little-Castle\Library\PackageCache\com.unity.modules.jsonserialize)
[Subsystems] No new subsystems found in resolved package list.
[Package Manager] Done registering packages in 0.01 seconds
Starting: E:\Unity\Unity_6.5\6000.5.5f1\Editor\Data\Tools\BuildPipeline\bee_backend.exe --ipc --defer-dag-verification --dagfile="Library/Bee/1900b0aE.dag" --continue-on-failure --profile="Library/Bee/backend1.traceevents" ScriptAssemblies
WorkingDir: E:/Games_Develop/Little-Castle
DisplayProgressbar: Compiling Scripts
ExitCode: 0 Duration: 0s86ms
*** Tundra build success (0.05 seconds), 0 items updated, 210 evaluated
AssetDatabase: script compilation time: 0.425188s
Begin MonoManager ReloadAssembly
Total cache size 34339412
Total cache size after purge 34339412, took 00:00:00.0681060
Native extension for WindowsStandalone target not found
Native extension for WebGL target not found
ScheduleIndexationOnStartup MainProcess:True IndexOnStartup:True
Mono: successfully reloaded assembly
- Finished resetting the current domain, in  0.364 seconds
Domain Reload Profiling: 785ms
	BeginReloadAssembly (204ms)
		DisableScriptedObjects (22ms)
		CreateAndSetChildDomain (32ms)
	RebuildCommonClasses (8ms)
	RebuildNativeTypeToScriptingClass (14ms)
	initialDomainReloadingComplete (36ms)
	LoadAllAssembliesAndSetupDomain (157ms)
		LoadAssemblies (174ms)
		AnalyzeDomain (19ms)
			TypeCache.Refresh (12ms)
				TypeCache.ScanAssembly (7ms)
			BuildScriptInfoCaches (6ms)
	FinalizeReload (367ms)
		SetupLoadedEditorAssemblies (0ms)
			BeforeProcessingInitializeOnLoad (80ms)
			ProcessInitializeOnLoadAttributes (68ms)
			ProcessInitializeOnLoadMethodAttributes (66ms)
		AwakeInstancesAfterBackupRestoration (21ms)
Starting new worker id: 0 with log in E:/Games_Develop/Little-Castle/Logs/AssetImportWorkerHW0.log

Asset Pipeline Refresh (id=1ba88d470a4a4ef4cb44852b47878d34): Total: 1.394 seconds - Initiated by InitialRefreshV2(ForceSynchronousImport)
	(Values over 0.05ms)
	Summary:
		Imports: total=0 (actual=0, local cache=0, cache server=0)
		Asset DB Process Time: managed=0 ms, native=494 ms
		Asset DB Callback time: managed=17 ms, native=6 ms
		Scripting: domain reloads=1, domain reload time=442 ms, compile time=427 ms, other=6 ms
		Project Asset Count: scripts=239, non-scripts=1340
		Asset File Changes: new=0, changed=0, moved=0, deleted=0
		Scan Filter Count: 0
	InvokePackagesCallback: 8.166ms
	ApplyChangesToAssetFolders: 0.289ms
	Scan: 48.985ms
	Collect global state as custom dependencies: 0.507ms
	CategorizeScriptCompilationAssets: 2.369ms
	ProcessAssetsWithTransientArtifactChanges: 6.327ms
	CategorizeAssets: 8.391ms
	CompileScripts: 427.463ms
	ImportOutOfDateAssets: 389.514ms (369.039ms without children)
		UnloadImportedAssets: 0.086ms
		EnsureUptoDateAssetsAreRegisteredWithGuidPM: 0.155ms
		ImportSchedulerStart: 20.230ms
	PostProcessAllAssets: 17.070ms
		MonoPostProcessAllAssets: 17.020ms
			WindowAssetPostprocessingWatcher.OnPostprocessAllAssets 6.338ms
			SyncVS.PostprocessSyncProject 1.712ms
			EditModeScopePostprocessor.OnPostprocessAllAssets 0.812ms
			SpeedTree9Postprocessor.OnPostprocessAllAssets 0.641ms
			ReferencedClipsPostProcessor.OnPostprocessAllAssets 0.231ms
			TerrainToolbarOverlayPostProcessor.OnPostprocessAllAssets 0.193ms
			AssetDatabaseCallbacks.OnPostprocessAllAssets 0.146ms
			RenderPipelineGlobalSettingsPostprocessor.OnPostprocessAllAssets 0.071ms
	UnloadStreamsBegin: 1.418ms
	PersistCurrentRevisions: 0.050ms
	Untracked: 480.197ms

Application.AssetDatabase Initial Refresh End
Scanning for USB devices : 2.832ms
Initializing Unity extensions:
[MODES] ModeService[none].Initialize
[MODES] ModeService[none].LoadModes
[MODES] Loading mode Default (0) for mode-current-id-Little-Castle
GetVirtualKey: Could not map char: z (122) to any virtual key
GetVirtualKey: Could not map char: y (121) to any virtual key
GetVirtualKey: Could not map char: x (120) to any virtual key
GetVirtualKey: Could not map char: c (99) to any virtual key
GetVirtualKey: Could not map char: v (118) to any virtual key
GetVirtualKey: Could not map char: V (86) to any virtual key
GetVirtualKey: Could not map char: d (100) to any virtual key
GetVirtualKey: Could not map char: f (102) to any virtual key
GetVirtualKey: Could not map char: f (102) to any virtual key
GetVirtualKey: Could not map char: a (97) to any virtual key
GetVirtualKey: Could not map char: d (100) to any virtual key
GetVirtualKey: Could not map char: c (99) to any virtual key
GetVirtualKey: Could not map char: r (114) to any virtual key
GetVirtualKey: Could not map char: i (105) to any virtual key
GetVirtualKey: Could not map char: l (108) to any virtual key
GetVirtualKey: Could not map char: f (102) to any virtual key
GetVirtualKey: Could not map char: k (107) to any virtual key
GetVirtualKey: Could not map char: p (112) to any virtual key
GetVirtualKey: Could not map char: p (112) to any virtual key
GetVirtualKey: Could not map char: p (112) to any virtual key
GetVirtualKey: Could not map char: c (99) to any virtual key
GetVirtualKey: Could not map char: r (114) to any virtual key
GetVirtualKey: Could not map char: P (80) to any virtual key
GetVirtualKey: Could not map char: n (110) to any virtual key
GetVirtualKey: Could not map char: n (110) to any virtual key
GetVirtualKey: Could not map char: g (103) to any virtual key
GetVirtualKey: Could not map char: f (102) to any virtual key
GetVirtualKey: Could not map char: f (102) to any virtual key
GetVirtualKey: Could not map char: a (97) to any virtual key
GetVirtualKey: Could not map char: a (97) to any virtual key
GetVirtualKey: Could not map char: n (110) to any virtual key
GetVirtualKey: Could not map char: o (111) to any virtual key
GetVirtualKey: Could not map char: s (115) to any virtual key
GetVirtualKey: Could not map char: s (115) to any virtual key
GetVirtualKey: Could not map char: b (98) to any virtual key
GetVirtualKey: Could not map char: b (98) to any virtual key
GetVirtualKey: Could not map char: c (99) to any virtual key
GetVirtualKey: Could not map char: u (117) to any virtual key
Unloading 3 Unused Serialized files (Serialized files now loaded: 0)
Unloading 572 unused Assets / (0.8 MB). Loaded Objects now: 1231.
Memory consumption went from 205.2 MB to 204.4 MB.
Total: 4.214600 ms (FindLiveObjects: 0.074500 ms CreateObjectMapping: 0.076300 ms MarkObjects: 3.728100 ms  DeleteObjects: 0.332200 ms)

Curl error 35: Cert verify failed. Certificate could not be verified (either omitted or unsupported). UnityTls error code: 7
Worker ready: AssetImportWorkerHW0 0
Bridge-aware macro routing failed: attempted=0 recovered=0 failed=0 pathAttempts=0 guidedAttempts=0; routes=41 connections=41 bridges=0 minimum=1 unbridged=0 orphan=0 missing=0 components=1 disconnected=0 issues=1; Minimum bridge count unmet: 0 < 1
UnityEngine.Debug:ExtractStackTraceNoAlloc (byte*,int,string)
UnityEngine.StackTraceUtility:ExtractStackTrace ()
UnityEngine.DebugLogHandler:Internal_Log (UnityEngine.LogType,UnityEngine.LogOption,string,UnityEngine.Object)
UnityEngine.DebugLogHandler:LogFormat (UnityEngine.LogType,UnityEngine.Object,string,object[])
UnityEngine.Logger:Log (UnityEngine.LogType,object)
UnityEngine.Debug:LogWarning (object)
LittleCastle.World.MacroWorldPlanner:GenerateForBounds (int,UnityEngine.Rect,LittleCastle.World.WorldTerrainProbe) (at Assets/_Game/Scripts/World/Macro/MacroWorldPlanner.cs:135)
LittleCastle.Editor.DesktopRoutingAudit:Run () (at Assets/_Game/Editor/DesktopRoutingAudit.cs:169)
LittleCastle.Editor.DesktopRoutingAudit:RunDesktopMatrix () (at Assets/_Game/Editor/DesktopRoutingAudit.cs:230)

(Filename: Assets/_Game/Scripts/World/Macro/MacroWorldPlanner.cs Line: 135)

[Desktop Routing Audit] invalid seed=12345 size=1024 elapsedMs=17300 roads=41 rivers=0 fixedBridges=0 components=1 issues=1 output=E:\Games_Develop\Little-Castle\Logs\Desktop-Routing-12345-1024.json
UnityEngine.Debug:ExtractStackTraceNoAlloc (byte*,int,string)
UnityEngine.StackTraceUtility:ExtractStackTrace ()
UnityEngine.DebugLogHandler:Internal_Log (UnityEngine.LogType,UnityEngine.LogOption,string,UnityEngine.Object)
UnityEngine.DebugLogHandler:LogFormat (UnityEngine.LogType,UnityEngine.Object,string,object[])
UnityEngine.Logger:Log (UnityEngine.LogType,object)
UnityEngine.Debug:Log (object)
LittleCastle.Editor.DesktopRoutingAudit:WriteRecord (LittleCastle.Editor.DesktopRoutingAudit/AuditRecord) (at Assets/_Game/Editor/DesktopRoutingAudit.cs:262)
LittleCastle.Editor.DesktopRoutingAudit:Run () (at Assets/_Game/Editor/DesktopRoutingAudit.cs:216)
LittleCastle.Editor.DesktopRoutingAudit:RunDesktopMatrix () (at Assets/_Game/Editor/DesktopRoutingAudit.cs:230)

(Filename: Assets/_Game/Editor/DesktopRoutingAudit.cs Line: 262)

Bridge-aware macro routing failed: attempted=0 recovered=0 failed=0 pathAttempts=0 guidedAttempts=0; routes=42 connections=42 bridges=0 minimum=1 unbridged=0 orphan=0 missing=0 components=1 disconnected=0 issues=1; Minimum bridge count unmet: 0 < 1
UnityEngine.Debug:ExtractStackTraceNoAlloc (byte*,int,string)
UnityEngine.StackTraceUtility:ExtractStackTrace ()
UnityEngine.DebugLogHandler:Internal_Log (UnityEngine.LogType,UnityEngine.LogOption,string,UnityEngine.Object)
UnityEngine.DebugLogHandler:LogFormat (UnityEngine.LogType,UnityEngine.Object,string,object[])
UnityEngine.Logger:Log (UnityEngine.LogType,object)
UnityEngine.Debug:LogWarning (object)
LittleCastle.World.MacroWorldPlanner:GenerateForBounds (int,UnityEngine.Rect,LittleCastle.World.WorldTerrainProbe) (at Assets/_Game/Scripts/World/Macro/MacroWorldPlanner.cs:135)
LittleCastle.Editor.DesktopRoutingAudit:Run () (at Assets/_Game/Editor/DesktopRoutingAudit.cs:169)
LittleCastle.Editor.DesktopRoutingAudit:RunDesktopMatrix () (at Assets/_Game/Editor/DesktopRoutingAudit.cs:230)

(Filename: Assets/_Game/Scripts/World/Macro/MacroWorldPlanner.cs Line: 135)

[Desktop Routing Audit] invalid seed=54321 size=1024 elapsedMs=21022 roads=42 rivers=0 fixedBridges=0 components=1 issues=1 output=E:\Games_Develop\Little-Castle\Logs\Desktop-Routing-54321-1024.json
UnityEngine.Debug:ExtractStackTraceNoAlloc (byte*,int,string)
UnityEngine.StackTraceUtility:ExtractStackTrace ()
UnityEngine.DebugLogHandler:Internal_Log (UnityEngine.LogType,UnityEngine.LogOption,string,UnityEngine.Object)
UnityEngine.DebugLogHandler:LogFormat (UnityEngine.LogType,UnityEngine.Object,string,object[])
UnityEngine.Logger:Log (UnityEngine.LogType,object)
UnityEngine.Debug:Log (object)
LittleCastle.Editor.DesktopRoutingAudit:WriteRecord (LittleCastle.Editor.DesktopRoutingAudit/AuditRecord) (at Assets/_Game/Editor/DesktopRoutingAudit.cs:262)
LittleCastle.Editor.DesktopRoutingAudit:Run () (at Assets/_Game/Editor/DesktopRoutingAudit.cs:216)
LittleCastle.Editor.DesktopRoutingAudit:RunDesktopMatrix () (at Assets/_Game/Editor/DesktopRoutingAudit.cs:230)

(Filename: Assets/_Game/Editor/DesktopRoutingAudit.cs Line: 262)

Bridge-aware macro routing failed: attempted=3 recovered=1 failed=2 pathAttempts=12 guidedAttempts=6; routes=34 connections=34 bridges=1 minimum=1 unbridged=0 orphan=0 missing=0 components=2 disconnected=1 issues=2; Feature graph is disconnected into 2 components.; Unable to realize 2 requested road connections after 12 bounded retries.
UnityEngine.Debug:ExtractStackTraceNoAlloc (byte*,int,string)
UnityEngine.StackTraceUtility:ExtractStackTrace ()
UnityEngine.DebugLogHandler:Internal_Log (UnityEngine.LogType,UnityEngine.LogOption,string,UnityEngine.Object)
UnityEngine.DebugLogHandler:LogFormat (UnityEngine.LogType,UnityEngine.Object,string,object[])
UnityEngine.Logger:Log (UnityEngine.LogType,object)
UnityEngine.Debug:LogWarning (object)
LittleCastle.World.MacroWorldPlanner:GenerateForBounds (int,UnityEngine.Rect,LittleCastle.World.WorldTerrainProbe) (at Assets/_Game/Scripts/World/Macro/MacroWorldPlanner.cs:135)
LittleCastle.Editor.DesktopRoutingAudit:Run () (at Assets/_Game/Editor/DesktopRoutingAudit.cs:169)
LittleCastle.Editor.DesktopRoutingAudit:RunDesktopMatrix () (at Assets/_Game/Editor/DesktopRoutingAudit.cs:230)

(Filename: Assets/_Game/Scripts/World/Macro/MacroWorldPlanner.cs Line: 135)

[Desktop Routing Audit] invalid seed=-10101 size=1024 elapsedMs=25361 roads=34 rivers=2 fixedBridges=1 components=2 issues=2 output=E:\Games_Develop\Little-Castle\Logs\Desktop-Routing--10101-1024.json
UnityEngine.Debug:ExtractStackTraceNoAlloc (byte*,int,string)
UnityEngine.StackTraceUtility:ExtractStackTrace ()
UnityEngine.DebugLogHandler:Internal_Log (UnityEngine.LogType,UnityEngine.LogOption,string,UnityEngine.Object)
UnityEngine.DebugLogHandler:LogFormat (UnityEngine.LogType,UnityEngine.Object,string,object[])
UnityEngine.Logger:Log (UnityEngine.LogType,object)
UnityEngine.Debug:Log (object)
LittleCastle.Editor.DesktopRoutingAudit:WriteRecord (LittleCastle.Editor.DesktopRoutingAudit/AuditRecord) (at Assets/_Game/Editor/DesktopRoutingAudit.cs:262)
LittleCastle.Editor.DesktopRoutingAudit:Run () (at Assets/_Game/Editor/DesktopRoutingAudit.cs:216)
LittleCastle.Editor.DesktopRoutingAudit:RunDesktopMatrix () (at Assets/_Game/Editor/DesktopRoutingAudit.cs:230)

(Filename: Assets/_Game/Editor/DesktopRoutingAudit.cs Line: 262)

[Desktop Routing Audit] valid seed=12345 size=3072 elapsedMs=70698 roads=162 rivers=1 fixedBridges=2 components=1 issues=0 output=E:\Games_Develop\Little-Castle\Logs\Desktop-Routing-12345-3072.json
UnityEngine.Debug:ExtractStackTraceNoAlloc (byte*,int,string)
UnityEngine.StackTraceUtility:ExtractStackTrace ()
UnityEngine.DebugLogHandler:Internal_Log (UnityEngine.LogType,UnityEngine.LogOption,string,UnityEngine.Object)
UnityEngine.DebugLogHandler:LogFormat (UnityEngine.LogType,UnityEngine.Object,string,object[])
UnityEngine.Logger:Log (UnityEngine.LogType,object)
UnityEngine.Debug:Log (object)
LittleCastle.Editor.DesktopRoutingAudit:WriteRecord (LittleCastle.Editor.DesktopRoutingAudit/AuditRecord) (at Assets/_Game/Editor/DesktopRoutingAudit.cs:262)
LittleCastle.Editor.DesktopRoutingAudit:Run () (at Assets/_Game/Editor/DesktopRoutingAudit.cs:216)
LittleCastle.Editor.DesktopRoutingAudit:RunDesktopMatrix () (at Assets/_Game/Editor/DesktopRoutingAudit.cs:234)

(Filename: Assets/_Game/Editor/DesktopRoutingAudit.cs Line: 262)

[Licensing::Client] Successfully resolved entitlement details
Batchmode quit successfully invoked - shutting down!
Curl error 42: Callback aborted
[Physics::Module] Cleanup current backend.
[Physics::Module] Id: 0xf2b8ea05
Input System module state changed to: ShutdownInProgress.
Input Polling Thread exited.
Input System module state changed to: Shutdown.
[Licensing::IpcConnector] LicenseClient-Дмитрий-notifications channel disconnected successfully.
[Licensing::IpcConnector] LicenseClient-Дмитрий channel disconnected successfully.
AcceleratorClientConnectionCallback - disconnected - :0
Cleanup mono
CodeReloadManager destroyed
Exiting batchmode successfully now!
Exiting without the bug reporter. Application will terminate with return code 0